// Jest Snapshot v1, https://goo.gl/fbAQLP

exports[`help command help output snapshots column width 40 1`] = `
"
  â–² [1mvercel[22m [1mdeploy[22m [project-path] [options]

  Deploy your project to Vercel. The    
  \`deploy\` command is the default       
  command for the Vercel CLI, and can   
  be omitted (\`vc deploy my-app\` equals 
  \`vc my-app\`).                         

  [2mOptions[22m:

       --archive                Compress
                                the     
                                deploymâ€¦
                                code    
                                into a  
                                file    
                                before  
                                uploadiâ€¦
                                it      
  -b,  --build-env <key=value>  Specify 
                                environâ€¦
                                variablâ€¦
                                during  
                                build-tâ€¦
                                (e.g.   
                                \`-b     
                                KEY1=vaâ€¦
                                -b      
                                KEY2=vaâ€¦
  -e,  --env <key=value>        Specify 
                                environâ€¦
                                variablâ€¦
                                during  
                                run-time
                                (e.g.   
                                \`-e     
                                KEY1=vaâ€¦
                                -e      
                                KEY2=vaâ€¦
  -f,  --force                  Force a 
                                new     
                                deploymâ€¦
                                even if 
                                nothing 
                                has     
                                changed 
  -m,  --meta <key=value>       Specify 
                                metadata
                                for the 
                                deploymâ€¦
                                (e.g.   
                                \`-m     
                                KEY1=vaâ€¦
                                -m      
                                KEY2=vaâ€¦
       --no-wait                Don't   
                                wait for
                                the     
                                deploymâ€¦
                                to      
                                finish  
       --prebuilt               Use in  
                                combinaâ€¦
                                with \`vc
                                build\`. 
                                Deploy  
                                an      
                                existing
                                build   
       --prod                   Create a
                                productâ€¦
                                deploymâ€¦
  -p,  --public                 Deploymâ€¦
                                is      
                                public  
                                (\`/_srcâ€¦
                                is      
                                exposed)
       --regions                Set     
                                default 
                                regions 
                                to      
                                enable  
                                the     
                                deploymâ€¦
                                on      
       --with-cache             Retain  
                                build   
                                cache   
                                when    
                                using   
                                "--forcâ€¦
  -y,  --yes                    Use     
                                default 
                                options 
                                to skip 
                                all     
                                prompts 


  [2mGlobal Options[22m:

       --cwd <DIR>            Sets the  
                              current   
                              working   
                              directory 
                              for a     
                              single run
                              of a      
                              command   
  -d,  --debug                Debug mode
                              (default  
                              off)      
  -Q,  --global-config <DIR>  Path to   
                              the global
                              \`.vercel\` 
                              directory 
  -h,  --help                 Output    
                              usage     
                              informatiâ€¦
  -A,  --local-config <FILE>  Path to   
                              the local 
                              \`vercel.jâ€¦
                              file      
       --no-color             No color  
                              mode      
                              (default  
                              off)      
  -S,  --scope                Set a     
                              custom    
                              scope     
  -t,  --token <TOKEN>        Login     
                              token     
  -v,  --version              Output the
                              version   
                              number    


  [2mExamples:[22m

  [90m-[39m Deploy the current directory

    [36m$ vercel[39m

  [90m-[39m Deploy a custom path

    [36m$ vercel /usr/src/project[39m

  [90m-[39m Deploy with run-time Environment Variables

    [36m$ vercel -e NODE_ENV=production[39m

  [90m-[39m Deploy with prebuilt outputs

    [36m$ vercel build[39m
    [36m$ vercel deploy --prebuilt[39m

  [90m-[39m Write Deployment URL to a file

    [36m$ vercel > deployment-url.txt[39m

"
`;

exports[`help command help output snapshots column width 80 1`] = `
"
  â–² [1mvercel[22m [1mdeploy[22m [project-path] [options]

  Deploy your project to Vercel. The \`deploy\` command is the default command    
  for the Vercel CLI, and can be omitted (\`vc deploy my-app\` equals \`vc         
  my-app\`).                                                                     

  [2mOptions[22m:

       --archive                Compress the deployment code into a file before 
                                uploading it                                    
  -b,  --build-env <key=value>  Specify environment variables during build-time 
                                (e.g. \`-b KEY1=value1 -b KEY2=value2\`)          
  -e,  --env <key=value>        Specify environment variables during run-time   
                                (e.g. \`-e KEY1=value1 -e KEY2=value2\`)          
  -f,  --force                  Force a new deployment even if nothing has      
                                changed                                         
  -m,  --meta <key=value>       Specify metadata for the deployment (e.g. \`-m   
                                KEY1=value1 -m KEY2=value2\`)                    
       --no-wait                Don't wait for the deployment to finish         
       --prebuilt               Use in combination with \`vc build\`. Deploy an   
                                existing build                                  
       --prod                   Create a production deployment                  
  -p,  --public                 Deployment is public (\`/_src\`) is exposed)      
       --regions                Set default regions to enable the deployment on 
       --with-cache             Retain build cache when using "--force"         
  -y,  --yes                    Use default options to skip all prompts         


  [2mGlobal Options[22m:

       --cwd <DIR>            Sets the current working directory for a single   
                              run of a command                                  
  -d,  --debug                Debug mode (default off)                          
  -Q,  --global-config <DIR>  Path to the global \`.vercel\` directory            
  -h,  --help                 Output usage information                          
  -A,  --local-config <FILE>  Path to the local \`vercel.json\` file              
       --no-color             No color mode (default off)                       
  -S,  --scope                Set a custom scope                                
  -t,  --token <TOKEN>        Login token                                       
  -v,  --version              Output the version number                         


  [2mExamples:[22m

  [90m-[39m Deploy the current directory

    [36m$ vercel[39m

  [90m-[39m Deploy a custom path

    [36m$ vercel /usr/src/project[39m

  [90m-[39m Deploy with run-time Environment Variables

    [36m$ vercel -e NODE_ENV=production[39m

  [90m-[39m Deploy with prebuilt outputs

    [36m$ vercel build[39m
    [36m$ vercel deploy --prebuilt[39m

  [90m-[39m Write Deployment URL to a file

    [36m$ vercel > deployment-url.txt[39m

"
`;

exports[`help command help output snapshots column width 120 1`] = `
"
  â–² [1mvercel[22m [1mdeploy[22m [project-path] [options]

  Deploy your project to Vercel. The \`deploy\` command is the default command for the Vercel CLI, and can be omitted     
  (\`vc deploy my-app\` equals \`vc my-app\`).                                                                              

  [2mOptions[22m:

       --archive                Compress the deployment code into a file before uploading it                            
  -b,  --build-env <key=value>  Specify environment variables during build-time (e.g. \`-b KEY1=value1 -b KEY2=value2\`)  
  -e,  --env <key=value>        Specify environment variables during run-time (e.g. \`-e KEY1=value1 -e KEY2=value2\`)    
  -f,  --force                  Force a new deployment even if nothing has changed                                      
  -m,  --meta <key=value>       Specify metadata for the deployment (e.g. \`-m KEY1=value1 -m KEY2=value2\`)              
       --no-wait                Don't wait for the deployment to finish                                                 
       --prebuilt               Use in combination with \`vc build\`. Deploy an existing build                            
       --prod                   Create a production deployment                                                          
  -p,  --public                 Deployment is public (\`/_src\`) is exposed)                                              
       --regions                Set default regions to enable the deployment on                                         
       --with-cache             Retain build cache when using "--force"                                                 
  -y,  --yes                    Use default options to skip all prompts                                                 


  [2mGlobal Options[22m:

       --cwd <DIR>            Sets the current working directory for a single run of a command                          
  -d,  --debug                Debug mode (default off)                                                                  
  -Q,  --global-config <DIR>  Path to the global \`.vercel\` directory                                                    
  -h,  --help                 Output usage information                                                                  
  -A,  --local-config <FILE>  Path to the local \`vercel.json\` file                                                      
       --no-color             No color mode (default off)                                                               
  -S,  --scope                Set a custom scope                                                                        
  -t,  --token <TOKEN>        Login token                                                                               
  -v,  --version              Output the version number                                                                 


  [2mExamples:[22m

  [90m-[39m Deploy the current directory

    [36m$ vercel[39m

  [90m-[39m Deploy a custom path

    [36m$ vercel /usr/src/project[39m

  [90m-[39m Deploy with run-time Environment Variables

    [36m$ vercel -e NODE_ENV=production[39m

  [90m-[39m Deploy with prebuilt outputs

    [36m$ vercel build[39m
    [36m$ vercel deploy --prebuilt[39m

  [90m-[39m Write Deployment URL to a file

    [36m$ vercel > deployment-url.txt[39m

"
`;
